t=74.629424000 pc=003B1D5A fcw=D048 r0=0002 r1=8700 r2=2020 r3=03E8 r4=0000 r5=0B03 r6=FA00 r7=0000 r8=002E r9=002E r10=0000 r11=0AE6 r12=0000 r13=0B92 r14=0000 r15=43CC
t=74.629425500 pc=003B1D5C fcw=D048 r0=0002 r1=8700 r2=2020 r3=03E8 r4=0000 r5=0B03 r6=FA00 r7=0000 r8=002E r9=002E r10=0000 r11=0AE6 r12=0000 r13=0B92 r14=0000 r15=43CC
t=74.629426750 pc=003B1D5E fcw=D048 r0=0002 r1=8700 r2=209F r3=03E8 r4=0000 r5=0B03 r6=FA00 r7=0000 r8=002E r9=002E r10=0000 r11=0AE6 r12=0000 r13=0B92 r14=0000 r15=43CC
t=74.629428000 pc=003B1D60 fcw=D048 r0=0002 r1=8700 r2=209F r3=03E8 r4=0098 r5=0B03 r6=FA00 r7=0000 r8=002E r9=002E r10=0000 r11=0AE6 r12=0000 r13=0B92 r14=0000 r15=43CC
t=74.629431000 pc=003B1D62 fcw=D048 r0=0002 r1=8700 r2=209F r3=03E8 r4=0098 r5=0B03 r6=FA00 r7=0000 r8=002E r9=002E r10=0000 r11=0AE6 r12=0000 r13=0B92 r14=0000 r15=43CC
t=74.629432250 pc=003B1D64 fcw=D048 r0=0002 r1=8700 r2=209F r3=03E8 r4=00FF r5=0B03 r6=FA00 r7=0000 r8=002E r9=002E r10=0000 r11=0AE6 r12=0000 r13=0B92 r14=0000 r15=43CC
t=74.629433500 pc=003B1D66 fcw=D048 r0=0002 r1=8700 r2=209D r3=03E8 r4=00FF r5=0B03 r6=FA00 r7=0000 r8=002E r9=002E r10=0000 r11=0AE6 r12=0000 r13=0B92 r14=0000 r15=43CC
t=74.629436500 pc=003B1D68 fcw=D048 r0=0002 r1=8700 r2=209D r3=03E8 r4=00FF r5=0B03 r6=FA00 r7=0000 r8=002E r9=002E r10=0000 r11=0AE6 r12=0000 r13=0B92 r14=0000 r15=43CC
t=74.629438250 pc=003B1D6C fcw=D008 r0=0002 r1=8700 r2=209D r3=03E8 r4=00FF r5=0B03 r6=FA00 r7=0000 r8=002E r9=002E r10=0000 r11=0AE6 r12=0000 r13=0B92 r14=0000 r15=43CC
t=74.629439750 pc=003B1D6E fcw=D008 r0=0002 r1=8700 r2=209D r3=03E8 r4=00FF r5=0B03 r6=FA00 r7=0000 r8=002E r9=002E r10=0000 r11=0AE6 r12=0000 r13=0B92 r14=0000 r15=43CC
t=74.629441000 pc=003B1D70 fcw=D008 r0=0002 r1=8700 r2=209B r3=03E8 r4=00FF r5=0B03 r6=FA00 r7=0000 r8=002E r9=002E r10=0000 r11=0AE6 r12=0000 r13=0B92 r14=0000 r15=43CC
t=74.629444000 pc=003B1D72 fcw=D008 r0=0002 r1=8700 r2=209B r3=03E8 r4=00FF r5=0B03 r6=FA00 r7=0000 r8=002E r9=002E r10=0000 r11=0AE6 r12=0000 r13=0B92 r14=0000 r15=43CC
t=74.629447000 pc=003B1D74 fcw=D008 r0=0002 r1=8700 r2=209B r3=03E8 r4=00FF r5=0B03 r6=FA00 r7=0000 r8=002E r9=002E r10=0000 r11=0AE6 r12=0000 r13=0B92 r14=0000 r15=43CC
t=74.629448000 pc=003B1D76 fcw=D048 r0=0002 r1=8700 r2=209B r3=03E8 r4=00FF r5=0B03 r6=FA00 r7=0000 r8=002E r9=002E r10=0000 r11=0AE6 r12=0000 r13=0B92 r14=0000 r15=43CC
t=74.629450500 pc=003B166A fcw=D048 r0=0002 r1=8700 r2=209B r3=03E8 r4=00FF r5=0B03 r6=FA00 r7=0000 r8=002E r9=002E r10=0000 r11=0AE6 r12=0000 r13=0B92 r14=0000 r15=43D0
t=74.629453000 pc=003B0BDA fcw=D048 r0=0002 r1=8700 r2=209B r3=03E8 r4=00FF r5=0B03 r6=FA00 r7=0000 r8=002E r9=002E r10=0000 r11=0AE6 r12=0000 r13=0B92 r14=0000 r15=43D4
t=74.629456000 pc=003B0BDC fcw=D048 r0=0002 r1=8700 r2=209B r3=03E8 r4=0000 r5=0B2C r6=FA00 r7=0000 r8=002E r9=002E r10=0000 r11=0AE6 r12=0000 r13=0B92 r14=0000 r15=43D8
t=74.629459000 pc=003B0BDE fcw=D048 r0=0002 r1=8700 r2=0020 r3=0001 r4=0000 r5=0B2C r6=FA00 r7=0000 r8=002E r9=002E r10=0000 r11=0AE6 r12=0000 r13=0B92 r14=0000 r15=43DC
t=74.629461500 pc=003B0EE8 fcw=D048 r0=0002 r1=8700 r2=0020 r3=0001 r4=0000 r5=0B2C r6=FA00 r7=0000 r8=002E r9=002E r10=0000 r11=0AE6 r12=0000 r13=0B92 r14=0000 r15=43E0
t=74.629465000 pc=003B0EEC fcw=D048 r0=0020 r1=8700 r2=0020 r3=0001 r4=0000 r5=0B2C r6=FA00 r7=0000 r8=002E r9=002E r10=0000 r11=0AE6 r12=0000 r13=0B92 r14=0000 r15=43E0
t=74.629466750 pc=003B0EF0 fcw=D008 r0=0020 r1=8700 r2=0020 r3=0001 r4=0000 r5=0B2C r6=FA00 r7=0000 r8=002E r9=002E r10=0000 r11=0AE6 r12=0000 r13=0B92 r14=0000 r15=43E0
t=74.629469750 pc=003B0EF2 fcw=D008 r0=0020 r1=8700 r2=0020 r3=0001 r4=0000 r5=0B2C r6=FA00 r7=0000 r8=002E r9=002E r10=0000 r11=0AE6 r12=0000 r13=0B92 r14=0000 r15=43DC
t=74.629471250 pc=003B0EF4 fcw=D008 r0=0020 r1=8700 r2=0020 r3=0001 r4=0000 r5=0B2C r6=FA00 r7=0000 r8=002E r9=002E r10=0000 r11=0AE6 r12=0000 r13=0B92 r14=0000 r15=43DC
t=74.629473250 pc=003B0EF6 fcw=D048 r0=0020 r1=8700 r2=0020 r3=0001 r4=0000 r5=0B2C r6=FA00 r7=0000 r8=002E r9=002E r10=0000 r11=0AE6 r12=0000 r13=0000 r14=0000 r15=43DC
t=74.629477500 pc=003B0EFA fcw=D048 r0=0020 r1=8700 r2=0020 r3=0001 r4=0000 r5=0B2C r6=FA00 r7=0000 r8=002E r9=002E r10=0000 r11=0AE6 r12=0000 r13=0000 r14=0000 r15=43DC
t=74.629481000 pc=003B0EFE fcw=D048 r0=0020 r1=8700 r2=0020 r3=0001 r4=0000 r5=0B2C r6=FA00 r7=0000 r8=002E r9=002E r10=0000 r11=0AE6 r12=0000 r13=0000 r14=0000 r15=43DC
t=74.629485250 pc=003B0F02 fcw=D048 r0=0020 r1=8700 r2=0020 r3=0001 r4=0000 r5=0B2C r6=FA00 r7=0000 r8=002E r9=002E r10=0000 r11=0AE6 r12=A800 r13=05C2 r14=0000 r15=43DC
t=74.629486250 pc=003B0F04 fcw=D048 r0=0000 r1=8700 r2=0020 r3=0001 r4=0000 r5=0B2C r6=FA00 r7=0000 r8=002E r9=002E r10=0000 r11=0AE6 r12=A800 r13=05C2 r14=0000 r15=43DC
t=74.629487500 pc=003B0F06 fcw=D048 r0=0000 r1=8700 r2=0000 r3=0AE6 r4=0000 r5=0B2C r6=FA00 r7=0000 r8=002E r9=002E r10=0000 r11=0AE6 r12=A800 r13=05C2 r14=0000 r15=43DC
t=74.629490000 pc=002805C2 fcw=D048 r0=0000 r1=8700 r2=0000 r3=0AE6 r4=0000 r5=0B2C r6=FA00 r7=0000 r8=002E r9=002E r10=0000 r11=0AE6 r12=A800 r13=05C2 r14=0000 r15=43D8
t=74.629491250 pc=002805C4 fcw=D048 r0=0000 r1=8700 r2=0000 r3=0AE6 r4=0000 r5=0B2C r6=FA00 r7=0000 r8=002E r9=002E r10=0000 r11=0AE6 r12=A800 r13=0002 r14=0000 r15=43D8
t=74.629493000 pc=000000CA fcw=D048 r0=0000 r1=8700 r2=0000 r3=0AE6 r4=0000 r5=0B2C r6=FA00 r7=0000 r8=002E r9=002E r10=0000 r11=0AE6 r12=A800 r13=0002 r14=0000 r15=43D8
t=74.629494750 pc=00021170 fcw=D048 r0=0000 r1=8700 r2=0000 r3=0AE6 r4=0000 r5=0B2C r6=FA00 r7=0000 r8=002E r9=002E r10=0000 r11=0AE6 r12=A800 r13=0002 r14=0000 r15=43D8
t=74.629496500 pc=00021174 fcw=D048 r0=0000 r1=8700 r2=0000 r3=0AE6 r4=0000 r5=0B2C r6=FA00 r7=0000 r8=FF8B r9=002E r10=0000 r11=0AE6 r12=A800 r13=0002 r14=0000 r15=43D8
t=74.629497500 pc=00021176 fcw=D028 r0=0000 r1=8700 r2=0000 r3=0AE6 r4=0000 r5=0B2C r6=FA00 r7=0000 r8=FF89 r9=002E r10=0000 r11=0AE6 r12=A800 r13=0002 r14=0000 r15=43D8
t=74.629500500 pc=00021178 fcw=D028 r0=0000 r1=8700 r2=0000 r3=0AE6 r4=0000 r5=0B2C r6=FA00 r7=0000 r8=FF89 r9=002E r10=0000 r11=0AE6 r12=A800 r13=0002 r14=0000 r15=43D8
t=74.629502250 pc=0002117A fcw=D028 r0=0000 r1=8700 r2=0000 r3=0AE6 r4=0000 r5=0B2C r6=FA00 r7=0000 r8=D028 r9=002E r10=0000 r11=0AE6 r12=A800 r13=0002 r14=0000 r15=43D8
t=74.629503250 pc=0002117C fcw=D008 r0=0000 r1=8700 r2=0000 r3=0AE6 r4=0000 r5=0B2C r6=FA00 r7=0000 r8=D028 r9=002E r10=0000 r11=0AE6 r12=A800 r13=0004 r14=0000 r15=43D8
t=74.629505000 pc=00021180 fcw=D008 r0=0000 r1=8700 r2=0000 r3=0AE6 r4=0000 r5=0B2C r6=FA00 r7=0000 r8=D028 r9=002E r10=0000 r11=0AE6 r12=A800 r13=0084 r14=0000 r15=43D8
t=74.629506000 pc=00021182 fcw=D048 r0=0000 r1=8700 r2=0000 r3=0AE6 r4=0000 r5=0B2C r6=FA00 r7=0000 r8=D028 r9=002E r10=0000 r11=0AE6 r12=0000 r13=0084 r14=0000 r15=43D8
t=74.629507750 pc=00021184 fcw=D048 r0=0000 r1=8700 r2=0000 r3=0AE6 r4=0000 r5=0B2C r6=FA00 r7=0000 r8=D028 r9=002E r10=0000 r11=0AE6 r12=0000 r13=124C r14=0000 r15=43D8
t=74.629509500 pc=00021186 fcw=C048 r0=0000 r1=8700 r2=0000 r3=0AE6 r4=0000 r5=0B2C r6=FA00 r7=0000 r8=D028 r9=002E r10=0000 r11=0AE6 r12=0000 r13=124C r14=0000 r15=43D8
t=74.629511250 pc=00021188 fcw=C048 r0=0000 r1=8700 r2=0000 r3=0AE6 r4=0000 r5=0B2C r6=FA00 r7=128A r8=D028 r9=002E r10=0000 r11=0AE6 r12=0000 r13=124C r14=0000 r15=43D8
t=74.629513750 pc=0002118C fcw=C008 r0=0000 r1=8700 r2=0000 r3=0AE6 r4=0000 r5=0B2C r6=FA00 r7=128A r8=D028 r9=002E r10=0000 r11=0AE6 r12=0000 r13=124C r14=0000 r15=43D8
t=74.629515250 pc=00021192 fcw=C008 r0=0000 r1=8700 r2=0000 r3=0AE6 r4=0000 r5=0B2C r6=FA00 r7=128A r8=D028 r9=002E r10=0000 r11=0AE6 r12=0000 r13=124C r14=0000 r15=43D8
t=74.629516000 pc=00021194 fcw=C008 r0=0000 r1=8700 r2=0000 r3=0AE6 r4=0000 r5=0B2C r6=0000 r7=128A r8=D028 r9=002E r10=0000 r11=0AE6 r12=0000 r13=124C r14=0000 r15=43D8
t=74.629519000 pc=00021196 fcw=C008 r0=0000 r1=8700 r2=0000 r3=0AE6 r4=0000 r5=0B2C r6=0000 r7=1286 r8=D028 r9=002E r10=0000 r11=0AE6 r12=0000 r13=124C r14=0000 r15=43D8
t=74.629522000 pc=00021198 fcw=C008 r0=0000 r1=8700 r2=0000 r3=0AE6 r4=0000 r5=0B2C r6=0000 r7=1282 r8=D028 r9=002E r10=0000 r11=0AE6 r12=0000 r13=124C r14=0000 r15=43D8
t=74.629524000 pc=0002119A fcw=C008 r0=0000 r1=8700 r2=0000 r3=0AE6 r4=0000 r5=0B2C r6=0000 r7=1282 r8=D028 r9=002E r10=0000 r11=0AE6 r12=0000 r13=124C r14=0000 r15=43D8
t=74.629525750 pc=0002119C fcw=D028 r0=0000 r1=8700 r2=0000 r3=0AE6 r4=0000 r5=0B2C r6=0000 r7=1282 r8=D028 r9=002E r10=0000 r11=0AE6 r12=0000 r13=124C r14=0000 r15=43D8
t=74.629528250 pc=003B0F08 fcw=D028 r0=0000 r1=8700 r2=0000 r3=0AE6 r4=0000 r5=0B2C r6=0000 r7=1282 r8=D028 r9=002E r10=0000 r11=0AE6 r12=0000 r13=124C r14=0000 r15=43DC
t=74.629531250 pc=003B0F0A fcw=D028 r0=0000 r1=8700 r2=0020 r3=0001 r4=0000 r5=0B2C r6=0000 r7=1282 r8=D028 r9=002E r10=0000 r11=0AE6 r12=0000 r13=124C r14=0000 r15=43E0
t=74.629534750 pc=003B0F0E fcw=D028 r0=0000 r1=8700 r2=0020 r3=0001 r4=0000 r5=0B2C r6=0000 r7=1282 r8=D028 r9=002E r10=0000 r11=0AE6 r12=0000 r13=124C r14=0000 r15=43E0
t=74.629537250 pc=003B1688 fcw=D028 r0=0000 r1=8700 r2=0020 r3=0001 r4=0000 r5=0B2C r6=0000 r7=1282 r8=D028 r9=002E r10=0000 r11=0AE6 r12=0000 r13=124C r14=0000 r15=43DC
t=74.629539750 pc=003B1AA4 fcw=D028 r0=0000 r1=8700 r2=0020 r3=0001 r4=0000 r5=0B2C r6=0000 r7=1282 r8=D028 r9=002E r10=0000 r11=0AE6 r12=0000 r13=124C r14=0000 r15=43D8
t=74.629543250 pc=003B1AA8 fcw=D028 r0=001A r1=8700 r2=0020 r3=0001 r4=0000 r5=0B2C r6=0000 r7=1282 r8=D028 r9=002E r10=0000 r11=0AE6 r12=0000 r13=124C r14=0000 r15=43D8
t=74.629544250 pc=003B1AAA fcw=D028 r0=001B r1=8700 r2=0020 r3=0001 r4=0000 r5=0B2C r6=0000 r7=1282 r8=D028 r9=002E r10=0000 r11=0AE6 r12=0000 r13=124C r14=0000 r15=43D8
t=74.629545000 pc=003B1AAC fcw=D028 r0=001B r1=8700 r2=2020 r3=0001 r4=0000 r5=0B2C r6=0000 r7=1282 r8=D028 r9=002E r10=0000 r11=0AE6 r12=0000 r13=124C r14=0000 r15=43D8
t=74.629546250 pc=003B1AAE fcw=D028 r0=001B r1=8700 r2=20E7 r3=0001 r4=0000 r5=0B2C r6=0000 r7=1282 r8=D028 r9=002E r10=0000 r11=0AE6 r12=0000 r13=124C r14=0000 r15=43D8
t=74.629549250 pc=003B1AB0 fcw=D028 r0=001B r1=8700 r2=20E7 r3=0001 r4=0000 r5=0B2C r6=0000 r7=1282 r8=D028 r9=002E r10=0000 r11=0AE6 r12=0000 r13=124C r14=0000 r15=43D8
t=74.629552750 pc=003B1AB4 fcw=D028 r0=001B r1=8700 r2=20E7 r3=0001 r4=0000 r5=0B2C r6=0000 r7=1282 r8=D028 r9=002E r10=0000 r11=0AE6 r12=0000 r13=124C r14=0000 r15=43D8
t=74.629553500 pc=003B1AB6 fcw=D028 r0=001B r1=8700 r2=2020 r3=0001 r4=0000 r5=0B2C r6=0000 r7=1282 r8=D028 r9=002E r10=0000 r11=0AE6 r12=0000 r13=124C r14=0000 r15=43D8
t=74.629554500 pc=003B1AB8 fcw=D048 r0=001B r1=8700 r2=2020 r3=0001 r4=0000 r5=0B2C r6=0000 r7=0000 r8=D028 r9=002E r10=0000 r11=0AE6 r12=0000 r13=124C r14=0000 r15=43D8
t=74.629557000 pc=003B168A fcw=D048 r0=001B r1=8700 r2=2020 r3=0001 r4=0000 r5=0B2C r6=0000 r7=0000 r8=D028 r9=002E r10=0000 r11=0AE6 r12=0000 r13=124C r14=0000 r15=43DC
t=74.629559500 pc=003B0F10 fcw=D048 r0=001B r1=8700 r2=2020 r3=0001 r4=0000 r5=0B2C r6=0000 r7=0000 r8=D028 r9=002E r10=0000 r11=0AE6 r12=0000 r13=124C r14=0000 r15=43E0
t=74.629563000 pc=003B0F16 fcw=D048 r0=010F r1=0008 r2=2000 r3=12F8 r4=3D00 r5=2FFC r6=0000 r7=0000 r8=7F06 r9=D848 r10=0000 r11=0AE6 r12=8383 r13=047C r14=0000 r15=43E0
t=74.629566000 pc=003B0F1A fcw=D048 r0=010F r1=0008 r2=2000 r3=12F8 r4=3D00 r5=2FFC r6=0000 r7=0000 r8=7F06 r9=D848 r10=0000 r11=0AE6 r12=8383 r13=047C r14=0000 r15=43E0
t=74.629569250 pc=00021126 fcw=D000 r0=010F r1=0008 r2=2000 r3=12F8 r4=3D00 r5=2FFC r6=0000 r7=0000 r8=7F06 r9=D848 r10=0000 r11=0AE6 r12=8383 r13=047C r14=0000 r15=43E0
t=74.629570750 pc=00021128 fcw=D000 r0=010F r1=0008 r2=2000 r3=12F8 r4=3D00 r5=2FFC r6=0000 r7=0000 r8=7F06 r9=D848 r10=0000 r11=0AE6 r12=8383 r13=047C r14=0000 r15=43E0
t=74.629574250 pc=00021130 fcw=D000 r0=010F r1=0008 r2=2000 r3=12F8 r4=3D00 r5=2FFC r6=0000 r7=0000 r8=7F06 r9=D848 r10=0000 r11=0AE6 r12=8383 r13=047C r14=0000 r15=43E0
t=74.629577500 pc=00021136 fcw=D000 r0=010F r1=0008 r2=2000 r3=12F8 r4=3D00 r5=2FFC r6=0000 r7=0000 r8=7F06 r9=D848 r10=0000 r11=0AE6 r12=8383 r13=047C r14=0000 r15=43E0
t=74.629579000 pc=0002113A fcw=D000 r0=010F r1=0008 r2=2000 r3=12F8 r4=3D00 r5=2FFC r6=0000 r7=0000 r8=7F06 r9=D848 r10=0000 r11=0AE6 r12=8383 r13=047C r14=0000 r15=43E0
t=74.629581500 pc=0002113E fcw=D000 r0=0148 r1=0008 r2=2000 r3=12F8 r4=3D00 r5=2FFC r6=0000 r7=0000 r8=7F06 r9=D848 r10=0000 r11=0AE6 r12=8383 r13=047C r14=0000 r15=43E0
t=74.629583250 pc=00021140 fcw=D048 r0=0148 r1=0008 r2=2000 r3=12F8 r4=3D00 r5=2FFC r6=0000 r7=0000 r8=7F06 r9=D848 r10=0000 r11=0AE6 r12=8383 r13=047C r14=0000 r15=43E0
t=74.629584750 pc=00021142 fcw=D048 r0=0148 r1=0008 r2=2000 r3=12F8 r4=3D00 r5=2FFC r6=0000 r7=0000 r8=7F06 r9=D848 r10=0000 r11=0AE6 r12=8383 r13=047C r14=0000 r15=43E0
t=74.629586250 pc=0002115C fcw=D048 r0=0148 r1=0008 r2=2000 r3=12F8 r4=3D00 r5=2FFC r6=0000 r7=0000 r8=7F06 r9=D848 r10=0000 r11=0AE6 r12=8383 r13=047C r14=0000 r15=43E0
t=74.629589250 pc=00021160 fcw=D048 r0=0148 r1=0008 r2=2000 r3=12F8 r4=3D00 r5=2FFC r6=0000 r7=0000 r8=7F06 r9=D848 r10=0000 r11=0AE6 r12=8383 r13=047C r14=0000 r15=43E0
t=74.629591500 pc=00021164 fcw=D048 r0=0148 r1=0008 r2=2000 r3=124C r4=3D00 r5=2FFC r6=0000 r7=0000 r8=7F06 r9=D848 r10=0000 r11=0AE6 r12=8383 r13=047C r14=0000 r15=43E0
t=74.629593000 pc=000210E8 fcw=D048 r0=0148 r1=0008 r2=2000 r3=124C r4=3D00 r5=2FFC r6=0000 r7=0000 r8=7F06 r9=D848 r10=0000 r11=0AE6 r12=8383 r13=047C r14=0000 r15=43E0
t=74.629595500 pc=000210EC fcw=D048 r0=0148 r1=0008 r2=2000 r3=124C r4=3D00 r5=2FFC r6=0000 r7=1292 r8=7F06 r9=D848 r10=0000 r11=0AE6 r12=8383 r13=047C r14=0000 r15=43E0
t=74.629598000 pc=000210F0 fcw=D008 r0=0148 r1=0008 r2=2000 r3=124C r4=3D00 r5=2FFC r6=0000 r7=1292 r8=7F06 r9=D848 r10=0000 r11=0AE6 r12=8383 r13=047C r14=0000 r15=43E0
t=74.629599500 pc=000210F2 fcw=D008 r0=0148 r1=0008 r2=2000 r3=124C r4=3D00 r5=2FFC r6=0000 r7=1292 r8=7F06 r9=D848 r10=0000 r11=0AE6 r12=8383 r13=047C r14=0000 r15=43E0
t=74.629602000 pc=000210F6 fcw=D008 r0=0148 r1=0008 r2=2000 r3=124C r4=3D00 r5=2FFC r6=0000 r7=1292 r8=7F06 r9=D848 r10=0000 r11=0AE6 r12=8383 r13=047C r14=0000 r15=43E0
t=74.629603500 pc=000210FC fcw=D008 r0=0148 r1=0008 r2=2000 r3=124C r4=3D00 r5=2FFC r6=0000 r7=1292 r8=7F06 r9=D848 r10=0000 r11=0AE6 r12=8383 r13=047C r14=0000 r15=43E0
t=74.629604500 pc=000210FE fcw=D048 r0=0148 r1=0008 r2=2000 r3=124C r4=3D00 r5=2FFC r6=0000 r7=1292 r8=7F06 r9=D848 r10=0000 r11=0AE6 r12=8383 r13=047C r14=0000 r15=43E0
t=74.629605500 pc=00021100 fcw=D008 r0=0148 r1=0008 r2=2000 r3=124C r4=3D00 r5=2FFC r6=0000 r7=128E r8=7F06 r9=D848 r10=0000 r11=0AE6 r12=8383 r13=047C r14=0000 r15=43E0
t=74.629608250 pc=00021102 fcw=D008 r0=0148 r1=0008 r2=2000 r3=124C r4=0000 r5=0800 r6=0000 r7=128E r8=7F06 r9=D848 r10=0000 r11=0AE6 r12=8383 r13=047C r14=0000 r15=43E0
t=74.629609250 pc=00021104 fcw=D008 r0=0148 r1=0008 r2=2000 r3=124C r4=0000 r5=0800 r6=0000 r7=128A r8=7F06 r9=D848 r10=0000 r11=0AE6 r12=8383 r13=047C r14=0000 r15=43E0
t=74.629612000 pc=00021106 fcw=D008 r0=010F r1=0004 r2=2000 r3=124C r4=0000 r5=0800 r6=0000 r7=128A r8=7F06 r9=D848 r10=0000 r11=0AE6 r12=8383 r13=047C r14=0000 r15=43E0
t=74.629615000 pc=0002110A fcw=D008 r0=010F r1=0004 r2=2000 r3=124C r4=0000 r5=0800 r6=0000 r7=128A r8=7F06 r9=D848 r10=0000 r11=0AE6 r12=8383 r13=047C r14=0000 r15=43E0
t=74.629617250 pc=0002110C fcw=D008 r0=010F r1=0004 r2=2000 r3=124C r4=0000 r5=0800 r6=0000 r7=128A r8=7F06 r9=D848 r10=0000 r11=0AE6 r12=8383 r13=047C r14=0000 r15=43DE
t=74.629618750 pc=0002111C fcw=D008 r0=010F r1=0004 r2=2000 r3=124C r4=0000 r5=0800 r6=0000 r7=128A r8=7F06 r9=D848 r10=0000 r11=0AE6 r12=8383 r13=047C r14=0000 r15=43DE
t=74.629623000 pc=00021120 fcw=D008 r0=010F r1=0004 r2=8300 r3=1A36 r4=0000 r5=0800 r6=0000 r7=128A r8=7F06 r9=D848 r10=0000 r11=0AE6 r12=8383 r13=047C r14=0000 r15=43DE
t=74.629625500 pc=00031A36 fcw=D008 r0=010F r1=0004 r2=8300 r3=1A36 r4=0000 r5=0800 r6=0000 r7=128A r8=7F06 r9=D848 r10=0000 r11=0AE6 r12=8383 r13=047C r14=0000 r15=43DA
t=74.629629750 pc=00031A3A fcw=D008 r0=010F r1=0004 r2=0000 r3=1416 r4=0000 r5=0800 r6=0000 r7=128A r8=7F06 r9=D848 r10=0000 r11=0AE6 r12=8383 r13=047C r14=0000 r15=43DA
t=74.629630750 pc=00031A3C fcw=D008 r0=010F r1=0004 r2=0000 r3=1416 r4=0000 r5=0800 r6=0000 r7=128A r8=7F06 r9=D848 r10=0000 r11=0AE6 r12=8383 r13=047C r14=0000 r15=43DA
t=74.629632250 pc=00031A3E fcw=D008 r0=010F r1=0004 r2=0000 r3=1416 r4=0000 r5=0800 r6=0000 r7=128A r8=7F06 r9=D848 r10=0000 r11=0AE6 r12=8383 r13=047C r14=0000 r15=43DA
t=74.629633250 pc=00031A40 fcw=D048 r0=010F r1=0000 r2=0000 r3=1416 r4=0000 r5=0800 r6=0000 r7=128A r8=7F06 r9=D848 r10=0000 r11=0AE6 r12=8383 r13=047C r14=0000 r15=43DA
t=74.629636750 pc=00031A44 fcw=D048 r0=0033 r1=0000 r2=0000 r3=1416 r4=0000 r5=0800 r6=0000 r7=128A r8=7F06 r9=D848 r10=0000 r11=0AE6 r12=8383 r13=047C r14=0000 r15=43DA
t=74.629637750 pc=00031A46 fcw=D008 r0=0033 r1=0000 r2=0000 r3=1416 r4=0000 r5=0800 r6=0000 r7=128A r8=7F06 r9=D848 r10=0000 r11=0AE6 r12=8383 r13=047C r14=0000 r15=43DA
t=74.629639250 pc=00031A48 fcw=D008 r0=0033 r1=0000 r2=0000 r3=1416 r4=0000 r5=0800 r6=0000 r7=128A r8=7F06 r9=D848 r10=0000 r11=0AE6 r12=8383 r13=047C r14=0000 r15=43DA
t=74.629640250 pc=00031A4A fcw=D008 r0=0032 r1=0000 r2=0000 r3=1416 r4=0000 r5=0800 r6=0000 r7=128A r8=7F06 r9=D848 r10=0000 r11=0AE6 r12=8383 r13=047C r14=0000 r15=43DA
t=74.629641750 pc=00031A56 fcw=D008 r0=0032 r1=0000 r2=0000 r3=1416 r4=0000 r5=0800 r6=0000 r7=128A r8=7F06 r9=D848 r10=0000 r11=0AE6 r12=8383 r13=047C r14=0000 r15=43DA
t=74.629645250 pc=00031A5A fcw=D008 r0=0032 r1=0000 r2=0000 r3=1416 r4=0000 r5=0800 r6=0000 r7=128A r8=7F06 r9=D848 r10=0000 r11=0AE6 r12=8383 r13=047C r14=0000 r15=43DA
t=74.629648000 pc=00031A5C fcw=D008 r0=0032 r1=0000 r2=0000 r3=0800 r4=0000 r5=0800 r6=0000 r7=128A r8=7F06 r9=D848 r10=0000 r11=0AE6 r12=8383 r13=047C r14=0000 r15=43DA
t=74.629649000 pc=00031A5E fcw=D048 r0=0032 r1=0000 r2=0000 r3=0800 r4=0000 r5=0800 r6=0000 r7=128A r8=7F06 r9=D848 r10=0000 r11=0AE6 r12=8383 r13=047C r14=0000 r15=43DA
t=74.629650500 pc=00031A60 fcw=D048 r0=0032 r1=0000 r2=0000 r3=0800 r4=0000 r5=0800 r6=0000 r7=128A r8=7F06 r9=D848 r10=0000 r11=0AE6 r12=8383 r13=047C r14=0000 r15=43DA
t=74.629651500 pc=00031A62 fcw=D048 r0=0032 r1=0000 r2=0000 r3=0800 r4=0000 r5=0800 r6=0000 r7=128A r8=7F06 r9=D848 r10=0000 r11=0AE6 r12=8383 r13=047C r14=0000 r15=43DA
t=74.629653000 pc=00031A68 fcw=D048 r0=0032 r1=0000 r2=0000 r3=0800 r4=0000 r5=0800 r6=0000 r7=128A r8=7F06 r9=D848 r10=0000 r11=0AE6 r12=8383 r13=047C r14=0000 r15=43DA
t=74.629654750 pc=0000012C fcw=D048 r0=0032 r1=0000 r2=0000 r3=0800 r4=0000 r5=0800 r6=0000 r7=128A r8=7F06 r9=D848 r10=0000 r11=0AE6 r12=8383 r13=047C r14=0000 r15=43DA
t=74.629656500 pc=000206A8 fcw=D048 r0=0032 r1=0000 r2=0000 r3=0800 r4=0000 r5=0800 r6=0000 r7=128A r8=7F06 r9=D848 r10=0000 r11=0AE6 r12=8383 r13=047C r14=0000 r15=43DA
t=74.629659750 pc=000206AE fcw=D008 r0=0032 r1=0000 r2=0000 r3=0800 r4=0000 r5=0800 r6=0000 r7=128A r8=7F06 r9=D848 r10=0000 r11=0AE6 r12=8383 r13=047C r14=0000 r15=43DA
t=74.629663000 pc=000206B4 fcw=D008 r0=0032 r1=0000 r2=0000 r3=0800 r4=0000 r5=0800 r6=0000 r7=128A r8=7F06 r9=D848 r10=0000 r11=0AE6 r12=8383 r13=047C r14=0000 r15=43DA
t=74.629664500 pc=000206D0 fcw=D008 r0=0032 r1=0000 r2=0000 r3=0800 r4=0000 r5=0800 r6=0000 r7=128A r8=7F06 r9=D848 r10=0000 r11=0AE6 r12=8383 r13=047C r14=0000 r15=43DA
t=74.629667250 pc=000206D4 fcw=D058 r0=0032 r1=0000 r2=0000 r3=0800 r4=0000 r5=0800 r6=0000 r7=128A r8=7F06 r9=D848 r10=0000 r11=0AE6 r12=8383 r13=047C r14=0000 r15=43DA
t=74.629668750 pc=000206E0 fcw=D058 r0=0032 r1=0000 r2=0000 r3=0800 r4=0000 r5=0800 r6=0000 r7=128A r8=7F06 r9=D848 r10=0000 r11=0AE6 r12=8383 r13=047C r14=0000 r15=43DA
t=74.629670500 pc=000206E2 fcw=D058 r0=0032 r1=0000 r2=0000 r3=0800 r4=0000 r5=0800 r6=0000 r7=128A r8=7F06 r9=D848 r10=D058 r11=0AE6 r12=8383 r13=047C r14=0000 r15=43DA
t=74.629671500 pc=000206E4 fcw=D058 r0=0032 r1=0000 r2=0000 r3=0800 r4=0000 r5=0800 r6=0000 r7=128A r8=0000 r9=D848 r10=D058 r11=0AE6 r12=8383 r13=047C r14=0000 r15=43DA
t=74.629673250 pc=000206E8 fcw=D058 r0=0032 r1=0000 r2=0000 r3=0800 r4=0000 r5=0800 r6=0000 r7=128A r8=0000 r9=0164 r10=D058 r11=0AE6 r12=8383 r13=047C r14=0000 r15=43DA
t=74.629674500 pc=000206EA fcw=D058 r0=0032 r1=0000 r2=0000 r3=0800 r4=0000 r5=0800 r6=0000 r7=128A r8=0000 r9=0164 r10=D058 r11=0AE6 r12=0000 r13=0164 r14=0000 r15=43DA
t=74.629675500 pc=000206EC fcw=D058 r0=0032 r1=0000 r2=0000 r3=0800 r4=0000 r5=0800 r6=0000 r7=128A r8=0000 r9=0164 r10=D058 r11=0AE6 r12=0000 r13=0164 r14=0000 r15=43DA
t=74.629677250 pc=000206EE fcw=D058 r0=0032 r1=0000 r2=0000 r3=0000 r4=0000 r5=0800 r6=0000 r7=128A r8=0000 r9=0164 r10=D058 r11=0AE6 r12=0000 r13=0164 r14=0000 r15=43DA
t=74.629679000 pc=000206F0 fcw=C058 r0=0032 r1=0000 r2=0000 r3=0000 r4=0000 r5=0800 r6=0000 r7=128A r8=0000 r9=0164 r10=D058 r11=0AE6 r12=0000 r13=0164 r14=0000 r15=43DA
t=74.629680000 pc=000206F2 fcw=C058 r0=0032 r1=0000 r2=0000 r3=0000 r4=0000 r5=0800 r6=0000 r7=128A r8=0000 r9=0164 r10=D058 r11=0AE6 r12=0000 r13=0164 r14=0000 r15=43DA
t=74.629681500 pc=00020728 fcw=C058 r0=0032 r1=0000 r2=0000 r3=0000 r4=0000 r5=0800 r6=0000 r7=128A r8=0000 r9=0164 r10=D058 r11=0AE6 r12=0000 r13=0164 r14=0000 r15=43DA
t=74.629683250 pc=0002072A fcw=D058 r0=0032 r1=0000 r2=0000 r3=0000 r4=0000 r5=0800 r6=0000 r7=128A r8=0000 r9=0164 r10=D058 r11=0AE6 r12=0000 r13=0164 r14=0000 r15=43DA
t=74.629685750 pc=00021122 fcw=D058 r0=0032 r1=0000 r2=0000 r3=0000 r4=0000 r5=0800 r6=0000 r7=128A r8=0000 r9=0164 r10=D058 r11=0AE6 r12=0000 r13=0164 r14=0000 r15=43DE
t=74.629687750 pc=00021124 fcw=D058 r0=0032 r1=0000 r2=0000 r3=124C r4=0000 r5=0800 r6=0000 r7=128A r8=0000 r9=0164 r10=D058 r11=0AE6 r12=0000 r13=0164 r14=0000 r15=43E0
t=74.629689250 pc=000210E8 fcw=D058 r0=0032 r1=0000 r2=0000 r3=124C r4=0000 r5=0800 r6=0000 r7=128A r8=0000 r9=0164 r10=D058 r11=0AE6 r12=0000 r13=0164 r14=0000 r15=43E0
t=74.629691750 pc=000210EC fcw=D058 r0=0032 r1=0000 r2=0000 r3=124C r4=0000 r5=0800 r6=0000 r7=128A r8=0000 r9=0164 r10=D058 r11=0AE6 r12=0000 r13=0164 r14=0000 r15=43E0
t=74.629694250 pc=000210F0 fcw=D008 r0=0032 r1=0000 r2=0000 r3=124C r4=0000 r5=0800 r6=0000 r7=128A r8=0000 r9=0164 r10=D058 r11=0AE6 r12=0000 r13=0164 r14=0000 r15=43E0
t=74.629695750 pc=000210F2 fcw=D008 r0=0032 r1=0000 r2=0000 r3=124C r4=0000 r5=0800 r6=0000 r7=128A r8=0000 r9=0164 r10=D058 r11=0AE6 r12=0000 r13=0164 r14=0000 r15=43E0
t=74.629698250 pc=000210F6 fcw=D008 r0=0032 r1=0000 r2=0000 r3=124C r4=0000 r5=0800 r6=0000 r7=128A r8=0000 r9=0164 r10=D058 r11=0AE6 r12=0000 r13=0164 r14=0000 r15=43E0
t=74.629699750 pc=000210FC fcw=D008 r0=0032 r1=0000 r2=0000 r3=124C r4=0000 r5=0800 r6=0000 r7=128A r8=0000 r9=0164 r10=D058 r11=0AE6 r12=0000 r13=0164 r14=0000 r15=43E0
t=74.629700750 pc=000210FE fcw=D048 r0=0032 r1=0000 r2=0000 r3=124C r4=0000 r5=0800 r6=0000 r7=128A r8=0000 r9=0164 r10=D058 r11=0AE6 r12=0000 r13=0164 r14=0000 r15=43E0
t=74.629701750 pc=00021100 fcw=D008 r0=0032 r1=0000 r2=0000 r3=124C r4=0000 r5=0800 r6=0000 r7=1286 r8=0000 r9=0164 r10=D058 r11=0AE6 r12=0000 r13=0164 r14=0000 r15=43E0
t=74.629704500 pc=00021102 fcw=D008 r0=0032 r1=0000 r2=0000 r3=124C r4=0000 r5=0AE6 r6=0000 r7=1286 r8=0000 r9=0164 r10=D058 r11=0AE6 r12=0000 r13=0164 r14=0000 r15=43E0
t=74.629705500 pc=00021104 fcw=D008 r0=0032 r1=0000 r2=0000 r3=124C r4=0000 r5=0AE6 r6=0000 r7=1282 r8=0000 r9=0164 r10=D058 r11=0AE6 r12=0000 r13=0164 r14=0000 r15=43E0
t=74.629708250 pc=00021106 fcw=D008 r0=0000 r1=8700 r2=0000 r3=124C r4=0000 r5=0AE6 r6=0000 r7=1282 r8=0000 r9=0164 r10=D058 r11=0AE6 r12=0000 r13=0164 r14=0000 r15=43E0
t=74.629711250 pc=0002110A fcw=D008 r0=0000 r1=8700 r2=0000 r3=124C r4=0000 r5=0AE6 r6=0000 r7=1282 r8=0000 r9=0164 r10=D058 r11=0AE6 r12=0000 r13=0164 r14=0000 r15=43E0
t=74.629713500 pc=0002110C fcw=D008 r0=0000 r1=8700 r2=0000 r3=124C r4=0000 r5=0AE6 r6=0000 r7=1282 r8=0000 r9=0164 r10=D058 r11=0AE6 r12=0000 r13=0164 r14=0000 r15=43DE
t=74.629715000 pc=0002111C fcw=D008 r0=0000 r1=8700 r2=0000 r3=124C r4=0000 r5=0AE6 r6=0000 r7=1282 r8=0000 r9=0164 r10=D058 r11=0AE6 r12=0000 r13=0164 r14=0000 r15=43DE
t=74.629719250 pc=00021120 fcw=D008 r0=0000 r1=8700 r2=A800 r3=05A0 r4=0000 r5=0AE6 r6=0000 r7=1282 r8=0000 r9=0164 r10=D058 r11=0AE6 r12=0000 r13=0164 r14=0000 r15=43DE
t=74.629721750 pc=002805A0 fcw=D008 r0=0000 r1=8700 r2=A800 r3=05A0 r4=0000 r5=0AE6 r6=0000 r7=1282 r8=0000 r9=0164 r10=D058 r11=0AE6 r12=0000 r13=0164 r14=0000 r15=43DA
t=74.629722750 pc=002805A2 fcw=D048 r0=0000 r1=8700 r2=A800 r3=05A0 r4=0000 r5=0AE6 r6=0000 r7=1282 r8=0000 r9=0164 r10=D058 r11=0AE6 r12=0000 r13=0164 r14=0000 r15=43DA
t=74.629724250 pc=002805A4 fcw=D048 r0=0000 r1=8700 r2=A800 r3=05A0 r4=0000 r5=0AE6 r6=0000 r7=1282 r8=0000 r9=0164 r10=D058 r11=0AE6 r12=0000 r13=0164 r14=0000 r15=43DA
t=74.629725250 pc=002805A6 fcw=D048 r0=0000 r1=8700 r2=A800 r3=05A0 r4=0000 r5=0AE6 r6=0000 r7=1282 r8=0000 r9=0164 r10=D058 r11=0AE6 r12=0000 r13=0164 r14=0000 r15=43DA
t=74.629728750 pc=002805AA fcw=D048 r0=0000 r1=8700 r2=A800 r3=05A0 r4=0000 r5=0AE6 r6=0000 r7=0BB6 r8=0000 r9=0164 r10=D058 r11=0AE6 r12=0000 r13=0164 r14=0000 r15=43DA
t=74.629732500 pc=002805AE fcw=D048 r0=0000 r1=8700 r2=A800 r3=05A0 r4=0000 r5=0AE6 r6=0000 r7=0BB6 r8=0000 r9=0164 r10=D058 r11=0AE6 r12=0000 r13=0164 r14=0000 r15=43DA
t=74.629736000 pc=002805B2 fcw=D048 r0=0000 r1=8700 r2=A800 r3=035E r4=0000 r5=0AE6 r6=0000 r7=0BB6 r8=0000 r9=0164 r10=D058 r11=0AE6 r12=0000 r13=0164 r14=0000 r15=43DA
t=74.629740250 pc=002805B6 fcw=D048 r0=0000 r1=0001 r2=A800 r3=035E r4=0000 r5=0AE6 r6=0000 r7=0BB6 r8=0000 r9=0164 r10=D058 r11=0AE6 r12=0000 r13=0164 r14=0000 r15=43DA
t=74.629741250 pc=002805B8 fcw=D048 r0=0000 r1=0001 r2=A800 r3=035E r4=0000 r5=0AE6 r6=0000 r7=0BB6 r8=0000 r9=0164 r10=D058 r11=0AE6 r12=0000 r13=0164 r14=0000 r15=43DA
t=74.629743750 pc=0028035E fcw=D048 r0=0000 r1=0001 r2=A800 r3=035E r4=0000 r5=0AE6 r6=0000 r7=0BB6 r8=0000 r9=0164 r10=D058 r11=0AE6 r12=0000 r13=0164 r14=0000 r15=43DA
t=74.629744750 pc=00280360 fcw=D048 r0=0000 r1=0001 r2=A800 r3=035E r4=0000 r5=0AE6 r6=0000 r7=0BB6 r8=0000 r9=0164 r10=D058 r11=0AE6 r12=0000 r13=0164 r14=0000 r15=43DA
t=74.629746250 pc=00280362 fcw=D048 r0=0000 r1=0001 r2=A800 r3=035E r4=0000 r5=0AE6 r6=0000 r7=0BB6 r8=0000 r9=0164 r10=D058 r11=0AE6 r12=0000 r13=0164 r14=0000 r15=43DA
t=74.629749000 pc=00280366 fcw=D048 r0=0000 r1=0001 r2=A800 r3=035E r4=0000 r5=0AE6 r6=0000 r7=0BB6 r8=0000 r9=0164 r10=D058 r11=0AE6 r12=0000 r13=0164 r14=0000 r15=43DA
t=74.629750500 pc=00280368 fcw=D048 r0=0000 r1=0001 r2=A800 r3=035E r4=0000 r5=0AE6 r6=0000 r7=0BB6 r8=0000 r9=0164 r10=D058 r11=0AE6 r12=0000 r13=0164 r14=0000 r15=43DA
t=74.629751500 pc=0028036A fcw=D048 r0=0000 r1=0001 r2=A800 r3=035E r4=0000 r5=0AE6 r6=0000 r7=0BB6 r8=0000 r9=0164 r10=D058 r11=0AE6 r12=0000 r13=0164 r14=0000 r15=43DA
t=74.629753000 pc=002803CE fcw=D048 r0=0000 r1=0001 r2=A800 r3=035E r4=0000 r5=0AE6 r6=0000 r7=0BB6 r8=0000 r9=0164 r10=D058 r11=0AE6 r12=0000 r13=0164 r14=0000 r15=43DA
t=74.629754000 pc=002803D0 fcw=D048 r0=0000 r1=0001 r2=0000 r3=035E r4=0000 r5=0AE6 r6=0000 r7=0BB6 r8=0000 r9=0164 r10=D058 r11=0AE6 r12=0000 r13=0164 r14=0000 r15=43DA
t=74.629757500 pc=002803D4 fcw=D048 r0=0000 r1=0001 r2=0000 r3=0132 r4=0000 r5=0AE6 r6=0000 r7=0BB6 r8=0000 r9=0164 r10=D058 r11=0AE6 r12=0000 r13=0164 r14=0000 r15=43DA
t=74.629759000 pc=002803D6 fcw=D048 r0=0000 r1=0001 r2=0001 r3=0032 r4=0000 r5=0AE6 r6=0000 r7=0BB6 r8=0000 r9=0164 r10=D058 r11=0AE6 r12=0000 r13=0164 r14=0000 r15=43DA
t=74.629760750 pc=002803D8 fcw=D008 r0=0000 r1=0001 r2=0001 r3=0032 r4=0000 r5=0AE6 r6=0000 r7=0BB6 r8=0000 r9=0164 r10=D058 r11=0AE6 r12=0000 r13=0164 r14=0000 r15=43DA
t=74.629762250 pc=002803DC fcw=D008 r0=0000 r1=0001 r2=0001 r3=0032 r4=0000 r5=0AE6 r6=0000 r7=0BB6 r8=0000 r9=0164 r10=D058 r11=0AE6 r12=0000 r13=0164 r14=0000 r15=43DA
t=74.629764750 pc=002801A2 fcw=D008 r0=0000 r1=0001 r2=0001 r3=0032 r4=0000 r5=0AE6 r6=0000 r7=0BB6 r8=0000 r9=0164 r10=D058 r11=0AE6 r12=0000 r13=0164 r14=0000 r15=43D6
t=74.629765500 pc=002801A4 fcw=D008 r0=0000 r1=0001 r2=0001 r3=0032 r4=0000 r5=0AE6 r6=0000 r7=0BB6 r8=0000 r9=0001 r10=D058 r11=0AE6 r12=0000 r13=0164 r14=0000 r15=43D6
t=74.629766500 pc=002801A6 fcw=D048 r0=0000 r1=0001 r2=0001 r3=0032 r4=0000 r5=0AE6 r6=0000 r7=0BB6 r8=0000 r9=0001 r10=D058 r11=0AE6 r12=0000 r13=0164 r14=0000 r15=43D6
t=74.629767500 pc=002801A8 fcw=D048 r0=0000 r1=0001 r2=0001 r3=0032 r4=0000 r5=0AE6 r6=0000 r7=0BB6 r8=8000 r9=0001 r10=D058 r11=0AE6 r12=0000 r13=0164 r14=0000 r15=43D6
t=74.629768500 pc=002801AA fcw=D008 r0=0000 r1=0001 r2=0001 r3=0032 r4=0000 r5=0AE6 r6=0000 r7=0BB6 r8=8000 r9=0001 r10=D058 r11=0AE6 r12=0000 r13=0164 r14=0000 r15=43D6
t=74.629770000 pc=002801AC fcw=D008 r0=0000 r1=0001 r2=0001 r3=0032 r4=0000 r5=0AE6 r6=0000 r7=0BB6 r8=8000 r9=0001 r10=D058 r11=0AE6 r12=0000 r13=0164 r14=0000 r15=43D6
t=74.629773500 pc=002801B2 fcw=D028 r0=0000 r1=0001 r2=0001 r3=0032 r4=0000 r5=0AE6 r6=0000 r7=0BB6 r8=8000 r9=0000 r10=D058 r11=0AE6 r12=0000 r13=0164 r14=0000 r15=43D6
t=74.629775250 pc=002801B4 fcw=D028 r0=0000 r1=0001 r2=0034 r3=0032 r4=0000 r5=0AE6 r6=0000 r7=0BB6 r8=8000 r9=0000 r10=D058 r11=0AE6 r12=0000 r13=0164 r14=0000 r15=43D6
t=74.629792750 pc=002801B6 fcw=D048 r0=0000 r1=0001 r2=0034 r3=0032 r4=0000 r5=0AE6 r6=0000 r7=0BB6 r8=0000 r9=0000 r10=D058 r11=0AE6 r12=0000 r13=0164 r14=0000 r15=43D6
t=74.629793750 pc=002801B8 fcw=D048 r0=0000 r1=0001 r2=0000 r3=0032 r4=0000 r5=0AE6 r6=0000 r7=0BB6 r8=0000 r9=0000 r10=D058 r11=0AE6 r12=0000 r13=0164 r14=0000 r15=43D6
t=74.629795750 pc=002801BA fcw=D008 r0=0000 r1=0001 r2=0000 r3=0032 r4=0000 r5=0AE6 r6=0000 r7=0BB6 r8=0000 r9=0032 r10=D058 r11=0AE6 r12=0000 r13=0164 r14=0000 r15=43D6
t=74.629800000 pc=002801BE fcw=D008 r0=0000 r1=0001 r2=0000 r3=0032 r4=0000 r5=0AE6 r6=0000 r7=0BB6 r8=0000 r9=0032 r10=D058 r11=0AE6 r12=0000 r13=0164 r14=0000 r15=43D6
t=74.629802500 pc=002803DE fcw=D008 r0=0000 r1=0001 r2=0000 r3=0032 r4=0000 r5=0AE6 r6=0000 r7=0BB6 r8=0000 r9=0032 r10=D058 r11=0AE6 r12=0000 r13=0164 r14=0000 r15=43DA
t=74.629805000 pc=002803E2 fcw=D058 r0=0000 r1=0001 r2=0000 r3=0032 r4=0000 r5=0AE6 r6=0000 r7=0BB6 r8=0000 r9=0032 r10=D058 r11=0AE6 r12=0000 r13=0164 r14=0000 r15=43DA
t=74.629807500 pc=002803E6 fcw=D000 r0=0000 r1=0001 r2=0000 r3=0032 r4=0000 r5=0AE6 r6=0000 r7=0BB6 r8=0000 r9=0032 r10=D058 r11=0AE6 r12=0000 r13=0164 r14=0000 r15=43DA
t=74.629808250 pc=002803E8 fcw=D000 r0=0000 r1=0001 r2=0000 r3=0032 r4=0000 r5=0AE6 r6=0000 r7=0BB6 r8=0000 r9=0032 r10=D058 r11=0AE6 r12=0000 r13=0164 r14=0000 r15=43DA
t=74.629810000 pc=002803EC fcw=D050 r0=0000 r1=0001 r2=0000 r3=0032 r4=0000 r5=0AE6 r6=0000 r7=0BB6 r8=0000 r9=0032 r10=D058 r11=0AE6 r12=0000 r13=0164 r14=0000 r15=43DA
t=74.629811000 pc=002803EE fcw=D050 r0=4000 r1=0001 r2=0000 r3=0032 r4=0000 r5=0AE6 r6=0000 r7=0BB6 r8=0000 r9=0032 r10=D058 r11=0AE6 r12=0000 r13=0164 r14=0000 r15=43DA
t=74.629812750 pc=002803F2 fcw=D050 r0=4000 r1=0001 r2=0000 r3=0032 r4=0000 r5=0AE6 r6=0000 r7=0BB6 r8=0000 r9=0032 r10=D058 r11=0AE6 r12=0000 r13=0164 r14=0000 r15=43DA
t=74.629813750 pc=002803F4 fcw=D010 r0=4000 r1=0001 r2=0000 r3=0032 r4=0000 r5=0AE6 r6=0000 r7=0BB6 r8=0000 r9=0032 r10=D058 r11=0AE6 r12=0000 r13=0164 r14=0000 r15=43DA
t=74.629818000 pc=002803F8 fcw=D010 r0=4000 r1=0001 r2=0000 r3=0032 r4=0000 r5=0AE6 r6=0000 r7=0BB6 r8=0000 r9=0032 r10=D058 r11=0AE6 r12=0000 r13=0164 r14=0000 r15=43DA
t=74.629821500 pc=002803FC fcw=D010 r0=4000 r1=0001 r2=0000 r3=0032 r4=0000 r5=0AE6 r6=0000 r7=0BB6 r8=0000 r9=0032 r10=D058 r11=0AE6 r12=0000 r13=0164 r14=0000 r15=43DA
t=74.629825000 pc=00280400 fcw=D010 r0=4000 r1=0001 r2=0000 r3=0032 r4=0000 r5=0AE6 r6=0000 r7=0BB6 r8=0000 r9=0032 r10=D058 r11=0AE6 r12=0000 r13=0164 r14=0000 r15=43DA
t=74.629826750 pc=00000050 fcw=D010 r0=4000 r1=0001 r2=0000 r3=0032 r4=0000 r5=0AE6 r6=0000 r7=0BB6 r8=0000 r9=0032 r10=D058 r11=0AE6 r12=0000 r13=0164 r14=0000 r15=43DA
t=74.629828500 pc=00020EB2 fcw=D010 r0=4000 r1=0001 r2=0000 r3=0032 r4=0000 r5=0AE6 r6=0000 r7=0BB6 r8=0000 r9=0032 r10=D058 r11=0AE6 r12=0000 r13=0164 r14=0000 r15=43DA
t=74.629831750 pc=00020EB6 fcw=D010 r0=4000 r1=0001 r2=0000 r3=0032 r4=0000 r5=0AE6 r6=0000 r7=0BB6 r8=0000 r9=0032 r10=D058 r11=0AE6 r12=0000 r13=0164 r14=0000 r15=43DA
t=74.629833000 pc=00020EB8 fcw=D010 r0=4000 r1=0001 r2=0000 r3=0032 r4=0000 r5=0AE6 r6=0000 r7=0BB6 r8=0000 r9=0AE6 r10=D058 r11=0AE6 r12=0000 r13=0164 r14=0000 r15=43DA
t=74.629835000 pc=00020EBA fcw=D040 r0=4000 r1=0001 r2=0000 r3=0000 r4=0000 r5=0AE6 r6=0000 r7=0BB6 r8=0000 r9=0AE6 r10=D058 r11=0AE6 r12=0000 r13=0164 r14=0000 r15=43DA
t=74.629839000 pc=00020EBE fcw=D040 r0=4000 r1=0001 r2=0000 r3=0000 r4=0000 r5=0AE6 r6=0000 r7=0BB6 r8=0000 r9=0AE6 r10=D058 r11=0AE6 r12=0000 r13=0164 r14=0000 r15=43DA
t=74.629840000 pc=00020EC0 fcw=D040 r0=4000 r1=0001 r2=0000 r3=0000 r4=0000 r5=0AE6 r6=0000 r7=0BB6 r8=0000 r9=0AE6 r10=D058 r11=0AE6 r12=0000 r13=0164 r14=0000 r15=43DA
t=74.629841500 pc=00020EC2 fcw=D040 r0=4000 r1=0001 r2=0000 r3=0000 r4=0000 r5=0AE6 r6=0000 r7=0BB6 r8=0000 r9=0AE6 r10=D058 r11=0AE6 r12=0000 r13=0164 r14=0000 r15=43DA
t=74.629843500 pc=00020EC4 fcw=D040 r0=4000 r1=0001 r2=0000 r3=0000 r4=0000 r5=0AE6 r6=0000 r7=0000 r8=0000 r9=0AE6 r10=D058 r11=0AE6 r12=0000 r13=0164 r14=0000 r15=43DA
t=74.629847500 pc=00020EC8 fcw=D000 r0=4000 r1=0001 r2=0000 r3=0000 r4=0000 r5=0AE6 r6=0000 r7=1376 r8=0000 r9=0AE6 r10=D058 r11=0AE6 r12=0000 r13=0164 r14=0000 r15=43DA
t=74.629849000 pc=00020ECA fcw=D000 r0=4000 r1=0001 r2=0000 r3=0000 r4=0000 r5=0AE6 r6=0000 r7=1376 r8=0000 r9=0AE6 r10=D058 r11=0AE6 r12=0000 r13=0164 r14=0000 r15=43DA
t=74.629850000 pc=00020ECC fcw=D040 r0=4000 r1=0001 r2=0000 r3=0000 r4=0000 r5=0AE6 r6=0000 r7=1376 r8=0000 r9=0AE6 r10=D058 r11=0AE6 r12=0000 r13=0164 r14=0000 r15=43DA
t=74.629854000 pc=00020ED0 fcw=D040 r0=4000 r1=0001 r2=0000 r3=213E r4=0000 r5=0AE6 r6=0000 r7=1376 r8=0000 r9=0AE6 r10=D058 r11=0AE6 r12=0000 r13=0164 r14=0000 r15=43DA
t=74.629855000 pc=00020ED2 fcw=D000 r0=4000 r1=0001 r2=0000 r3=213E r4=0000 r5=0AE6 r6=0000 r7=1376 r8=0000 r9=0AE6 r10=D058 r11=0AE6 r12=0000 r13=0164 r14=0000 r15=43DA
t=74.629856500 pc=00020EF6 fcw=D000 r0=4000 r1=0001 r2=0000 r3=213E r4=0000 r5=0AE6 r6=0000 r7=1376 r8=0000 r9=0AE6 r10=D058 r11=0AE6 r12=0000 r13=0164 r14=0000 r15=43DA
t=74.629859000 pc=00020EFA fcw=D000 r0=4000 r1=20CE r2=0000 r3=213E r4=0000 r5=0AE6 r6=0000 r7=1376 r8=0000 r9=0AE6 r10=D058 r11=0AE6 r12=0000 r13=0164 r14=0000 r15=43DA
t=74.629860000 pc=00020EFC fcw=D000 r0=4000 r1=20CE r2=0000 r3=213E r4=0000 r5=0AE6 r6=0000 r7=1376 r8=0000 r9=0AE6 r10=D058 r11=0AE6 r12=0000 r13=0164 r14=0000 r15=43DA
t=74.629861500 pc=00020EFE fcw=D000 r0=4000 r1=20CE r2=0000 r3=213E r4=0000 r5=0AE6 r6=0000 r7=1376 r8=0000 r9=0AE6 r10=D058 r11=0AE6 r12=0000 r13=0164 r14=0000 r15=43DA
t=74.629864500 pc=00020F02 fcw=D000 r0=4000 r1=20CE r2=0000 r3=213E r4=0000 r5=0AE6 r6=0000 r7=1376 r8=0000 r9=0AE6 r10=D058 r11=0AE6 r12=0000 r13=0164 r14=0000 r15=43DA
t=74.629866250 pc=00020F04 fcw=D000 r0=4000 r1=20CE r2=0000 r3=213E r4=0000 r5=0AE6 r6=0000 r7=1376 r8=0000 r9=0AE6 r10=D000 r11=0AE6 r12=0000 r13=0164 r14=0000 r15=43DA
t=74.629870000 pc=00020F08 fcw=D000 r0=4000 r1=20CE r2=0000 r3=213E r4=0000 r5=0AE6 r6=0000 r7=1376 r8=0000 r9=0AE6 r10=D000 r11=0AE6 r12=8200 r13=0F0E r14=0000 r15=43DA
t=74.629871750 pc=00020810 fcw=D000 r0=4000 r1=20CE r2=0000 r3=213E r4=0000 r5=0AE6 r6=0000 r7=1376 r8=0000 r9=0AE6 r10=D000 r11=0AE6 r12=8200 r13=0F0E r14=0000 r15=43DA
t=74.629875250 pc=00020814 fcw=D000 r0=4000 r1=20CE r2=0000 r3=213E r4=0000 r5=0AE6 r6=0000 r7=1376 r8=0000 r9=0AE6 r10=D000 r11=0AE6 r12=8200 r13=0F0E r14=0000 r15=43DA
t=74.629876750 pc=00020828 fcw=D000 r0=4000 r1=20CE r2=0000 r3=213E r4=0000 r5=0AE6 r6=0000 r7=1376 r8=0000 r9=0AE6 r10=D000 r11=0AE6 r12=8200 r13=0F0E r14=0000 r15=43DA
t=74.629879250 pc=0002082C fcw=D000 r0=FE42 r1=20CE r2=0000 r3=213E r4=0000 r5=0AE6 r6=0000 r7=1376 r8=0000 r9=0AE6 r10=D000 r11=0AE6 r12=8200 r13=0F0E r14=0000 r15=43DA
t=74.629880250 pc=0002082E fcw=D000 r0=FE42 r1=20CE r2=0000 r3=213E r4=0000 r5=0AE6 r6=0000 r7=1376 r8=0000 r9=0AE6 r10=D000 r11=0AE6 r12=8200 r13=0F0E r14=0000 r15=43DA
t=74.629881750 pc=0002083A fcw=D000 r0=FE42 r1=20CE r2=0000 r3=213E r4=0000 r5=0AE6 r6=0000 r7=1376 r8=0000 r9=0AE6 r10=D000 r11=0AE6 r12=8200 r13=0F0E r14=0000 r15=43DA
t=74.629883000 pc=0002083C fcw=D000 r0=FE42 r1=20CE r2=0000 r3=213E r4=0000 r5=213E r6=0000 r7=1376 r8=0000 r9=0AE6 r10=D000 r11=0AE6 r12=8200 r13=0F0E r14=0000 r15=43DA
t=74.629885000 pc=0002083E fcw=D000 r0=FE42 r1=20CE r2=0000 r3=213E r4=0000 r5=213E r6=0000 r7=1376 r8=0000 r9=0AE6 r10=D000 r11=0AE6 r12=8200 r13=0F0E r14=0000 r15=43DA
t=74.629885750 pc=00020840 fcw=D000 r0=FE42 r1=FE42 r2=0000 r3=213E r4=0000 r5=213E r6=0000 r7=1376 r8=0000 r9=0AE6 r10=D000 r11=0AE6 r12=8200 r13=0F0E r14=0000 r15=43DA
t=74.629887500 pc=00020844 fcw=D000 r0=0002 r1=FE42 r2=0000 r3=213E r4=0000 r5=213E r6=0000 r7=1376 r8=0000 r9=0AE6 r10=D000 r11=0AE6 r12=8200 r13=0F0E r14=0000 r15=43DA
t=74.629888500 pc=00020846 fcw=D000 r0=0004 r1=FE42 r2=0000 r3=213E r4=0000 r5=213E r6=0000 r7=1376 r8=0000 r9=0AE6 r10=D000 r11=0AE6 r12=8200 r13=0F0E r14=0000 r15=43DA
t=74.629889500 pc=00020848 fcw=D000 r0=0008 r1=FE42 r2=0000 r3=213E r4=0000 r5=213E r6=0000 r7=1376 r8=0000 r9=0AE6 r10=D000 r11=0AE6 r12=8200 r13=0F0E r14=0000 r15=43DA
t=74.629891750 pc=0002084C fcw=D000 r0=0008 r1=FE42 r2=0000 r3=12F8 r4=0000 r5=213E r6=0000 r7=1376 r8=0000 r9=0AE6 r10=D000 r11=0AE6 r12=8200 r13=0F0E r14=0000 r15=43DA
t=74.629892750 pc=0002084E fcw=D000 r0=0008 r1=FE42 r2=0000 r3=12FC r4=0000 r5=213E r6=0000 r7=1376 r8=0000 r9=0AE6 r10=D000 r11=0AE6 r12=8200 r13=0F0E r14=0000 r15=43DA
t=74.629893750 pc=00020850 fcw=D000 r0=0008 r1=FE42 r2=0000 r3=1304 r4=0000 r5=213E r6=0000 r7=1376 r8=0000 r9=0AE6 r10=D000 r11=0AE6 r12=8200 r13=0F0E r14=0000 r15=43DA
t=74.629894750 pc=00020852 fcw=D040 r0=0008 r1=FE42 r2=0000 r3=1304 r4=0000 r5=213E r6=0000 r7=1376 r8=0000 r9=0AE6 r10=D000 r11=0AE6 r12=8200 r13=0F0E r14=0000 r15=43DA
t=74.629896250 pc=00020854 fcw=D040 r0=0008 r1=FE42 r2=0000 r3=1304 r4=0000 r5=213E r6=0000 r7=1376 r8=0000 r9=0AE6 r10=D000 r11=0AE6 r12=8200 r13=0F0E r14=0000 r15=43DA
t=74.629897250 pc=00020856 fcw=D000 r0=0008 r1=FE42 r2=0000 r3=1304 r4=0000 r5=213E r6=0000 r7=1376 r8=0000 r9=0AE6 r10=D000 r11=0AE6 r12=8200 r13=0F0E r14=0000 r15=43DA
t=74.629898750 pc=00020858 fcw=D000 r0=0008 r1=FE42 r2=0000 r3=1304 r4=0000 r5=213E r6=0000 r7=1376 r8=0000 r9=0AE6 r10=D000 r11=0AE6 r12=8200 r13=0F0E r14=0000 r15=43DA
t=74.629900500 pc=0002085A fcw=C000 r0=0008 r1=FE42 r2=0000 r3=1304 r4=0000 r5=213E r6=0000 r7=1376 r8=0000 r9=0AE6 r10=D000 r11=0AE6 r12=8200 r13=0F0E r14=0000 r15=43DA
t=74.629902250 pc=0002085C fcw=C000 r0=0000 r1=FE42 r2=0000 r3=1304 r4=0000 r5=213E r6=0000 r7=1376 r8=0000 r9=0AE6 r10=D000 r11=0AE6 r12=8200 r13=0F0E r14=0000 r15=43DA
t=74.629904250 pc=0002085E fcw=C000 r0=0000 r1=FE42 r2=0000 r3=1304 r4=0000 r5=213E r6=0000 r7=1376 r8=0000 r9=0AE6 r10=D000 r11=0AE6 r12=8200 r13=0F0E r14=0000 r15=43DA
t=74.629906250 pc=00020860 fcw=C000 r0=0000 r1=FE42 r2=0000 r3=1304 r4=0000 r5=213E r6=0000 r7=1376 r8=0000 r9=0AE6 r10=D000 r11=0AE6 r12=8200 r13=0F0E r14=0000 r15=43DA
t=74.629909250 pc=00020864 fcw=C040 r0=0000 r1=FE42 r2=0000 r3=1304 r4=0000 r5=213E r6=0000 r7=1376 r8=0000 r9=0AE6 r10=D000 r11=0AE6 r12=8200 r13=0F0E r14=0000 r15=43DA
t=74.629910750 pc=00020866 fcw=C040 r0=0000 r1=FE42 r2=0000 r3=1304 r4=0000 r5=213E r6=0000 r7=1376 r8=0000 r9=0AE6 r10=D000 r11=0AE6 r12=8200 r13=0F0E r14=0000 r15=43DA
t=74.629913750 pc=0002086A fcw=C040 r0=0000 r1=FE42 r2=0000 r3=1304 r4=0000 r5=213E r6=0000 r7=1376 r8=0000 r9=0AE6 r10=D000 r11=0AE6 r12=8200 r13=0F0E r14=0000 r15=43DA
t=74.629915250 pc=0002087E fcw=C040 r0=0000 r1=FE42 r2=0000 r3=1304 r4=0000 r5=213E r6=0000 r7=1376 r8=0000 r9=0AE6 r10=D000 r11=0AE6 r12=8200 r13=0F0E r14=0000 r15=43DA
t=74.629917500 pc=00020882 fcw=C040 r0=0000 r1=FE42 r2=0000 r3=12F8 r4=0000 r5=213E r6=0000 r7=1376 r8=0000 r9=0AE6 r10=D000 r11=0AE6 r12=8200 r13=0F0E r14=0000 r15=43DA
t=74.629919500 pc=00020884 fcw=C040 r0=0000 r1=FE42 r2=0000 r3=12F8 r4=0000 r5=213E r6=0000 r7=1376 r8=0000 r9=0AE6 r10=D000 r11=0AE6 r12=8200 r13=0F0E r14=0000 r15=43DA
t=74.629922750 pc=00020888 fcw=C000 r0=0000 r1=FE42 r2=0000 r3=12F8 r4=0000 r5=213E r6=0000 r7=1376 r8=0000 r9=0AE6 r10=D000 r11=0AE6 r12=8200 r13=0F0E r14=0000 r15=43DA
t=74.629924500 pc=0002088A fcw=D000 r0=0000 r1=FE42 r2=0000 r3=12F8 r4=0000 r5=213E r6=0000 r7=1376 r8=0000 r9=0AE6 r10=D000 r11=0AE6 r12=8200 r13=0F0E r14=0000 r15=43DA
t=74.629925750 pc=0002088C fcw=D000 r0=0000 r1=FE42 r2=0000 r3=213E r4=0000 r5=213E r6=0000 r7=1376 r8=0000 r9=0AE6 r10=D000 r11=0AE6 r12=8200 r13=0F0E r14=0000 r15=43DA
t=74.629928250 pc=00020F0E fcw=D000 r0=0000 r1=FE42 r2=0000 r3=213E r4=0000 r5=213E r6=0000 r7=1376 r8=0000 r9=0AE6 r10=D000 r11=0AE6 r12=8200 r13=0F0E r14=0000 r15=43DA
t=74.629929500 pc=00020F10 fcw=D000 r0=0000 r1=FE42 r2=0000 r3=213E r4=0000 r5=0AE6 r6=0000 r7=1376 r8=0000 r9=0AE6 r10=D000 r11=0AE6 r12=8200 r13=0F0E r14=0000 r15=43DA
t=74.629932000 pc=00021122 fcw=D000 r0=0000 r1=FE42 r2=0000 r3=213E r4=0000 r5=0AE6 r6=0000 r7=1376 r8=0000 r9=0AE6 r10=D000 r11=0AE6 r12=8200 r13=0F0E r14=0000 r15=43DE
t=74.629934000 pc=00021124 fcw=D000 r0=0000 r1=FE42 r2=0000 r3=124C r4=0000 r5=0AE6 r6=0000 r7=1376 r8=0000 r9=0AE6 r10=D000 r11=0AE6 r12=8200 r13=0F0E r14=0000 r15=43E0
t=74.629935500 pc=000210E8 fcw=D000 r0=0000 r1=FE42 r2=0000 r3=124C r4=0000 r5=0AE6 r6=0000 r7=1376 r8=0000 r9=0AE6 r10=D000 r11=0AE6 r12=8200 r13=0F0E r14=0000 r15=43E0
t=74.629938000 pc=000210EC fcw=D000 r0=0000 r1=FE42 r2=0000 r3=124C r4=0000 r5=0AE6 r6=0000 r7=1282 r8=0000 r9=0AE6 r10=D000 r11=0AE6 r12=8200 r13=0F0E r14=0000 r15=43E0
t=74.629940500 pc=000210F0 fcw=D040 r0=0000 r1=FE42 r2=0000 r3=124C r4=0000 r5=0AE6 r6=0000 r7=1282 r8=0000 r9=0AE6 r10=D000 r11=0AE6 r12=8200 r13=0F0E r14=0000 r15=43E0
t=74.629942000 pc=00021000 fcw=D040 r0=0000 r1=FE42 r2=0000 r3=124C r4=0000 r5=0AE6 r6=0000 r7=1282 r8=0000 r9=0AE6 r10=D000 r11=0AE6 r12=8200 r13=0F0E r14=0000 r15=43E0
t=74.629945500 pc=00021006 fcw=D040 r0=0000 r1=FE42 r2=0000 r3=124C r4=0000 r5=0AE6 r6=0000 r7=1282 r8=0000 r9=0AE6 r10=D000 r11=0AE6 r12=8200 r13=0F0E r14=0000 r15=43E0
t=74.629947000 pc=0002101A fcw=D040 r0=0000 r1=FE42 r2=0000 r3=124C r4=0000 r5=0AE6 r6=0000 r7=1282 r8=0000 r9=0AE6 r10=D000 r11=0AE6 r12=8200 r13=0F0E r14=0000 r15=43E0
t=74.629948750 pc=0002101C fcw=D840 r0=0000 r1=FE42 r2=0000 r3=124C r4=0000 r5=0AE6 r6=0000 r7=1282 r8=0000 r9=0AE6 r10=D000 r11=0AE6 r12=8200 r13=0F0E r14=0000 r15=43E0
t=74.629950500 pc=0002101E fcw=D040 r0=0000 r1=FE42 r2=0000 r3=124C r4=0000 r5=0AE6 r6=0000 r7=1282 r8=0000 r9=0AE6 r10=D000 r11=0AE6 r12=8200 r13=0F0E r14=0000 r15=43E0
t=74.629954000 pc=00021026 fcw=D040 r0=010F r1=0008 r2=2000 r3=12F8 r4=3D00 r5=2FFC r6=0000 r7=0000 r8=7F06 r9=D848 r10=0000 r11=0AE6 r12=8383 r13=047C r14=0000 r15=43E0
t=74.629957250 pc=0002102C fcw=D040 r0=010F r1=0008 r2=2000 r3=12F8 r4=3D00 r5=2FFC r6=0000 r7=0000 r8=7F06 r9=D848 r10=0000 r11=0AE6 r12=8383 r13=047C r14=0000 r15=43E0
t=74.629960500 pc=00020920 fcw=D8E8 r0=010F r1=0008 r2=2000 r3=12F8 r4=3D00 r5=2FFC r6=0000 r7=0000 r8=7F06 r9=D848 r10=0000 r11=0AE6 r12=8383 r13=047C r14=0000 r15=43E8
t=74.629962000 pc=00020912 fcw=D8E8 r0=010F r1=0008 r2=2000 r3=12F8 r4=3D00 r5=2FFC r6=0000 r7=0000 r8=7F06 r9=D848 r10=0000 r11=0AE6 r12=8383 r13=047C r14=0000 r15=43E8
