t=20.01 shot
t=40.01 shot
t=60.00 shot
t=80.01 shot
t=100.01 shot
t=120.00 shot
t=140.01 shot
t=160.01 shot
t=180.00 shot
t=200.01 shot
t=200.01 type A
t=203.00 shot k01__A
t=204.21 Keypad ENTER down
t=204.51 Keypad ENTER up
t=207.01 shot k02__Keypad_ENTER
t=220.01 shot
t=225.01 type 860909
t=228.00 shot k03__860909
t=232.20 Keypad ENTER down
t=232.52 Keypad ENTER up
t=235.01 shot k04__Keypad_ENTER
t=240.00 shot
t=250.02 type 120000
t=253.00 shot k05__120000
t=257.20 Keypad ENTER down
t=257.50 Keypad ENTER up
t=260.01 shot
t=260.01 shot k06__Keypad_ENTER
t=280.01 shot
t=300.00 shot
